Tue May 12 19:37:10 CST 2020
--------------------------------------------------------
Linux DESKTOP-AEC86O8 4.4.0-19041-Microsoft #1-Microsoft Fri Dec 06 14:06:00 PST 2019 x86_64 x86_64 x86_64 GNU/Linux
--------------------------------------------------------
processor	: 0
vendor_id	: GenuineIntel
cpu family	: 6
model		: 158
model name	: Intel(R) Core(TM) i7-9750H CPU @ 2.60GHz
stepping	: 10
microcode	: 0xffffffff
cpu MHz		: 2592.000
cache size	: 256 KB
physical id	: 0
siblings	: 12
core id		: 0
cpu cores	: 6
apicid		: 0
initial apicid	: 0
fpu		: yes
fpu_exception	: yes
cpuid level	: 6
wp		: yes
flags		: fpu vme de pse tsc msr pae mce cx8 apic sep mtrr pge mca cmov pat pse36 clflush dts acpi mmx fxsr sse sse2 ss ht tm pbe syscall nx pdpe1gb rdtscp lm pni pclmulqdq dtes64 est tm2 ssse3 fma cx16 xtpr pdcm pcid sse4_1 sse4_2 x2apic movbe popcnt aes xsave osxsave avx f16c rdrand hypervisor lahf_lm abm 3dnowprefetch fsgsbase tsc_adjust bmi1 avx2 smep bmi2 erms invpcid rdseed adx smap clflushopt ibrs ibpb stibp ssbd
bogomips	: 5184.00
clflush size	: 64
cache_alignment	: 64
address sizes	: 36 bits physical, 48 bits virtual
power management:

processor	: 1
vendor_id	: GenuineIntel
cpu family	: 6
model		: 158
model name	: Intel(R) Core(TM) i7-9750H CPU @ 2.60GHz
stepping	: 10
microcode	: 0xffffffff
cpu MHz		: 2592.000
cache size	: 256 KB
physical id	: 0
siblings	: 12
core id		: 0
cpu cores	: 6
apicid		: 0
initial apicid	: 0
fpu		: yes
fpu_exception	: yes
cpuid level	: 6
wp		: yes
flags		: fpu vme de pse tsc msr pae mce cx8 apic sep mtrr pge mca cmov pat pse36 clflush dts acpi mmx fxsr sse sse2 ss ht tm pbe syscall nx pdpe1gb rdtscp lm pni pclmulqdq dtes64 est tm2 ssse3 fma cx16 xtpr pdcm pcid sse4_1 sse4_2 x2apic movbe popcnt aes xsave osxsave avx f16c rdrand hypervisor lahf_lm abm 3dnowprefetch fsgsbase tsc_adjust bmi1 avx2 smep bmi2 erms invpcid rdseed adx smap clflushopt ibrs ibpb stibp ssbd
bogomips	: 5184.00
clflush size	: 64
cache_alignment	: 64
address sizes	: 36 bits physical, 48 bits virtual
power management:

processor	: 2
vendor_id	: GenuineIntel
cpu family	: 6
model		: 158
model name	: Intel(R) Core(TM) i7-9750H CPU @ 2.60GHz
stepping	: 10
microcode	: 0xffffffff
cpu MHz		: 2592.000
cache size	: 256 KB
physical id	: 0
siblings	: 12
core id		: 1
cpu cores	: 6
apicid		: 0
initial apicid	: 0
fpu		: yes
fpu_exception	: yes
cpuid level	: 6
wp		: yes
flags		: fpu vme de pse tsc msr pae mce cx8 apic sep mtrr pge mca cmov pat pse36 clflush dts acpi mmx fxsr sse sse2 ss ht tm pbe syscall nx pdpe1gb rdtscp lm pni pclmulqdq dtes64 est tm2 ssse3 fma cx16 xtpr pdcm pcid sse4_1 sse4_2 x2apic movbe popcnt aes xsave osxsave avx f16c rdrand hypervisor lahf_lm abm 3dnowprefetch fsgsbase tsc_adjust bmi1 avx2 smep bmi2 erms invpcid rdseed adx smap clflushopt ibrs ibpb stibp ssbd
bogomips	: 5184.00
clflush size	: 64
cache_alignment	: 64
address sizes	: 36 bits physical, 48 bits virtual
power management:

processor	: 3
vendor_id	: GenuineIntel
cpu family	: 6
model		: 158
model name	: Intel(R) Core(TM) i7-9750H CPU @ 2.60GHz
stepping	: 10
microcode	: 0xffffffff
cpu MHz		: 2592.000
cache size	: 256 KB
physical id	: 0
siblings	: 12
core id		: 1
cpu cores	: 6
apicid		: 0
initial apicid	: 0
fpu		: yes
fpu_exception	: yes
cpuid level	: 6
wp		: yes
flags		: fpu vme de pse tsc msr pae mce cx8 apic sep mtrr pge mca cmov pat pse36 clflush dts acpi mmx fxsr sse sse2 ss ht tm pbe syscall nx pdpe1gb rdtscp lm pni pclmulqdq dtes64 est tm2 ssse3 fma cx16 xtpr pdcm pcid sse4_1 sse4_2 x2apic movbe popcnt aes xsave osxsave avx f16c rdrand hypervisor lahf_lm abm 3dnowprefetch fsgsbase tsc_adjust bmi1 avx2 smep bmi2 erms invpcid rdseed adx smap clflushopt ibrs ibpb stibp ssbd
bogomips	: 5184.00
clflush size	: 64
cache_alignment	: 64
address sizes	: 36 bits physical, 48 bits virtual
power management:

processor	: 4
vendor_id	: GenuineIntel
cpu family	: 6
model		: 158
model name	: Intel(R) Core(TM) i7-9750H CPU @ 2.60GHz
stepping	: 10
microcode	: 0xffffffff
cpu MHz		: 2592.000
cache size	: 256 KB
physical id	: 0
siblings	: 12
core id		: 2
cpu cores	: 6
apicid		: 0
initial apicid	: 0
fpu		: yes
fpu_exception	: yes
cpuid level	: 6
wp		: yes
flags		: fpu vme de pse tsc msr pae mce cx8 apic sep mtrr pge mca cmov pat pse36 clflush dts acpi mmx fxsr sse sse2 ss ht tm pbe syscall nx pdpe1gb rdtscp lm pni pclmulqdq dtes64 est tm2 ssse3 fma cx16 xtpr pdcm pcid sse4_1 sse4_2 x2apic movbe popcnt aes xsave osxsave avx f16c rdrand hypervisor lahf_lm abm 3dnowprefetch fsgsbase tsc_adjust bmi1 avx2 smep bmi2 erms invpcid rdseed adx smap clflushopt ibrs ibpb stibp ssbd
bogomips	: 5184.00
clflush size	: 64
cache_alignment	: 64
address sizes	: 36 bits physical, 48 bits virtual
power management:

processor	: 5
vendor_id	: GenuineIntel
cpu family	: 6
model		: 158
model name	: Intel(R) Core(TM) i7-9750H CPU @ 2.60GHz
stepping	: 10
microcode	: 0xffffffff
cpu MHz		: 2592.000
cache size	: 256 KB
physical id	: 0
siblings	: 12
core id		: 2
cpu cores	: 6
apicid		: 0
initial apicid	: 0
fpu		: yes
fpu_exception	: yes
cpuid level	: 6
wp		: yes
flags		: fpu vme de pse tsc msr pae mce cx8 apic sep mtrr pge mca cmov pat pse36 clflush dts acpi mmx fxsr sse sse2 ss ht tm pbe syscall nx pdpe1gb rdtscp lm pni pclmulqdq dtes64 est tm2 ssse3 fma cx16 xtpr pdcm pcid sse4_1 sse4_2 x2apic movbe popcnt aes xsave osxsave avx f16c rdrand hypervisor lahf_lm abm 3dnowprefetch fsgsbase tsc_adjust bmi1 avx2 smep bmi2 erms invpcid rdseed adx smap clflushopt ibrs ibpb stibp ssbd
bogomips	: 5184.00
clflush size	: 64
cache_alignment	: 64
address sizes	: 36 bits physical, 48 bits virtual
power management:

processor	: 6
vendor_id	: GenuineIntel
cpu family	: 6
model		: 158
model name	: Intel(R) Core(TM) i7-9750H CPU @ 2.60GHz
stepping	: 10
microcode	: 0xffffffff
cpu MHz		: 2592.000
cache size	: 256 KB
physical id	: 0
siblings	: 12
core id		: 3
cpu cores	: 6
apicid		: 0
initial apicid	: 0
fpu		: yes
fpu_exception	: yes
cpuid level	: 6
wp		: yes
flags		: fpu vme de pse tsc msr pae mce cx8 apic sep mtrr pge mca cmov pat pse36 clflush dts acpi mmx fxsr sse sse2 ss ht tm pbe syscall nx pdpe1gb rdtscp lm pni pclmulqdq dtes64 est tm2 ssse3 fma cx16 xtpr pdcm pcid sse4_1 sse4_2 x2apic movbe popcnt aes xsave osxsave avx f16c rdrand hypervisor lahf_lm abm 3dnowprefetch fsgsbase tsc_adjust bmi1 avx2 smep bmi2 erms invpcid rdseed adx smap clflushopt ibrs ibpb stibp ssbd
bogomips	: 5184.00
clflush size	: 64
cache_alignment	: 64
address sizes	: 36 bits physical, 48 bits virtual
power management:

processor	: 7
vendor_id	: GenuineIntel
cpu family	: 6
model		: 158
model name	: Intel(R) Core(TM) i7-9750H CPU @ 2.60GHz
stepping	: 10
microcode	: 0xffffffff
cpu MHz		: 2592.000
cache size	: 256 KB
physical id	: 0
siblings	: 12
core id		: 3
cpu cores	: 6
apicid		: 0
initial apicid	: 0
fpu		: yes
fpu_exception	: yes
cpuid level	: 6
wp		: yes
flags		: fpu vme de pse tsc msr pae mce cx8 apic sep mtrr pge mca cmov pat pse36 clflush dts acpi mmx fxsr sse sse2 ss ht tm pbe syscall nx pdpe1gb rdtscp lm pni pclmulqdq dtes64 est tm2 ssse3 fma cx16 xtpr pdcm pcid sse4_1 sse4_2 x2apic movbe popcnt aes xsave osxsave avx f16c rdrand hypervisor lahf_lm abm 3dnowprefetch fsgsbase tsc_adjust bmi1 avx2 smep bmi2 erms invpcid rdseed adx smap clflushopt ibrs ibpb stibp ssbd
bogomips	: 5184.00
clflush size	: 64
cache_alignment	: 64
address sizes	: 36 bits physical, 48 bits virtual
power management:

processor	: 8
vendor_id	: GenuineIntel
cpu family	: 6
model		: 158
model name	: Intel(R) Core(TM) i7-9750H CPU @ 2.60GHz
stepping	: 10
microcode	: 0xffffffff
cpu MHz		: 2592.000
cache size	: 256 KB
physical id	: 0
siblings	: 12
core id		: 4
cpu cores	: 6
apicid		: 0
initial apicid	: 0
fpu		: yes
fpu_exception	: yes
cpuid level	: 6
wp		: yes
flags		: fpu vme de pse tsc msr pae mce cx8 apic sep mtrr pge mca cmov pat pse36 clflush dts acpi mmx fxsr sse sse2 ss ht tm pbe syscall nx pdpe1gb rdtscp lm pni pclmulqdq dtes64 est tm2 ssse3 fma cx16 xtpr pdcm pcid sse4_1 sse4_2 x2apic movbe popcnt aes xsave osxsave avx f16c rdrand hypervisor lahf_lm abm 3dnowprefetch fsgsbase tsc_adjust bmi1 avx2 smep bmi2 erms invpcid rdseed adx smap clflushopt ibrs ibpb stibp ssbd
bogomips	: 5184.00
clflush size	: 64
cache_alignment	: 64
address sizes	: 36 bits physical, 48 bits virtual
power management:

processor	: 9
vendor_id	: GenuineIntel
cpu family	: 6
model		: 158
model name	: Intel(R) Core(TM) i7-9750H CPU @ 2.60GHz
stepping	: 10
microcode	: 0xffffffff
cpu MHz		: 2592.000
cache size	: 256 KB
physical id	: 0
siblings	: 12
core id		: 4
cpu cores	: 6
apicid		: 0
initial apicid	: 0
fpu		: yes
fpu_exception	: yes
cpuid level	: 6
wp		: yes
flags		: fpu vme de pse tsc msr pae mce cx8 apic sep mtrr pge mca cmov pat pse36 clflush dts acpi mmx fxsr sse sse2 ss ht tm pbe syscall nx pdpe1gb rdtscp lm pni pclmulqdq dtes64 est tm2 ssse3 fma cx16 xtpr pdcm pcid sse4_1 sse4_2 x2apic movbe popcnt aes xsave osxsave avx f16c rdrand hypervisor lahf_lm abm 3dnowprefetch fsgsbase tsc_adjust bmi1 avx2 smep bmi2 erms invpcid rdseed adx smap clflushopt ibrs ibpb stibp ssbd
bogomips	: 5184.00
clflush size	: 64
cache_alignment	: 64
address sizes	: 36 bits physical, 48 bits virtual
power management:

processor	: 10
vendor_id	: GenuineIntel
cpu family	: 6
model		: 158
model name	: Intel(R) Core(TM) i7-9750H CPU @ 2.60GHz
stepping	: 10
microcode	: 0xffffffff
cpu MHz		: 2592.000
cache size	: 256 KB
physical id	: 0
siblings	: 12
core id		: 5
cpu cores	: 6
apicid		: 0
initial apicid	: 0
fpu		: yes
fpu_exception	: yes
cpuid level	: 6
wp		: yes
flags		: fpu vme de pse tsc msr pae mce cx8 apic sep mtrr pge mca cmov pat pse36 clflush dts acpi mmx fxsr sse sse2 ss ht tm pbe syscall nx pdpe1gb rdtscp lm pni pclmulqdq dtes64 est tm2 ssse3 fma cx16 xtpr pdcm pcid sse4_1 sse4_2 x2apic movbe popcnt aes xsave osxsave avx f16c rdrand hypervisor lahf_lm abm 3dnowprefetch fsgsbase tsc_adjust bmi1 avx2 smep bmi2 erms invpcid rdseed adx smap clflushopt ibrs ibpb stibp ssbd
bogomips	: 5184.00
clflush size	: 64
cache_alignment	: 64
address sizes	: 36 bits physical, 48 bits virtual
power management:

processor	: 11
vendor_id	: GenuineIntel
cpu family	: 6
model		: 158
model name	: Intel(R) Core(TM) i7-9750H CPU @ 2.60GHz
stepping	: 10
microcode	: 0xffffffff
cpu MHz		: 2592.000
cache size	: 256 KB
physical id	: 0
siblings	: 12
core id		: 5
cpu cores	: 6
apicid		: 0
initial apicid	: 0
fpu		: yes
fpu_exception	: yes
cpuid level	: 6
wp		: yes
flags		: fpu vme de pse tsc msr pae mce cx8 apic sep mtrr pge mca cmov pat pse36 clflush dts acpi mmx fxsr sse sse2 ss ht tm pbe syscall nx pdpe1gb rdtscp lm pni pclmulqdq dtes64 est tm2 ssse3 fma cx16 xtpr pdcm pcid sse4_1 sse4_2 x2apic movbe popcnt aes xsave osxsave avx f16c rdrand hypervisor lahf_lm abm 3dnowprefetch fsgsbase tsc_adjust bmi1 avx2 smep bmi2 erms invpcid rdseed adx smap clflushopt ibrs ibpb stibp ssbd
bogomips	: 5184.00
clflush size	: 64
cache_alignment	: 64
address sizes	: 36 bits physical, 48 bits virtual
power management:

--------------------------------------------------------
MemTotal:        8163996 kB
MemFree:         3419708 kB
Buffers:           34032 kB
Cached:           188576 kB
SwapCached:            0 kB
Active:           167556 kB
Inactive:         157876 kB
Active(anon):     103104 kB
Inactive(anon):    17440 kB
Active(file):      64452 kB
Inactive(file):   140436 kB
Unevictable:           0 kB
Mlocked:               0 kB
SwapTotal:      14359676 kB
SwapFree:       14266768 kB
Dirty:                 0 kB
Writeback:             0 kB
AnonPages:        102824 kB
Mapped:            71404 kB
Shmem:             17720 kB
Slab:              13868 kB
SReclaimable:       6744 kB
SUnreclaim:         7124 kB
KernelStack:        2848 kB
PageTables:         2524 kB
NFS_Unstable:          0 kB
Bounce:                0 kB
WritebackTmp:          0 kB
CommitLimit:      515524 kB
Committed_AS:    3450064 kB
VmallocTotal:     122880 kB
VmallocUsed:       21296 kB
VmallocChunk:      66044 kB
HardwareCorrupted:     0 kB
AnonHugePages:      2048 kB
HugePages_Total:       0
HugePages_Free:        0
HugePages_Rsvd:        0
HugePages_Surp:        0
Hugepagesize:       2048 kB
DirectMap4k:       12280 kB
DirectMap4M:      897024 kB
--------------------------------------------------------
 19:39:24 up 43 min,  0 users,  load average: 0.52, 0.58, 0.59
--------------------------------------------------------
 [ - ]  acpid
 [ - ]  apparmor
 [ - ]  atd
 [ - ]  console-setup.sh
 [ - ]  cron
 [ - ]  cryptdisks-early
 [ - ]  dbus
 [ - ]  ebtables
 [ + ]  irqbalance
 [ + ]  iscsid
 [ - ]  keyboard-setup.sh
 [ - ]  kmod
 [ - ]  lvm2
 [ + ]  lvm2-lvmetad
 [ + ]  lvm2-lvmpolld
 [ - ]  lxcfs
 [ - ]  lxd
 [ - ]  mdadm
 [ - ]  mdadm-waitidle
 [ + ]  open-iscsi
 [ - ]  open-vm-tools
 [ - ]  procps
 [ - ]  rsync
 [ - ]  rsyslog
 [ - ]  screen-cleanup
 [ - ]  ssh
 [ - ]  udev
 [ - ]  ufw
 [ - ]  unattended-upgrades
 [ - ]  uuidd
--------------------------------------------------------
eth0: flags=64<RUNNING>  mtu 1500
        inet 169.254.199.84  netmask 255.255.0.0
        inet6 fe80::6c35:50b0:46b1:c754  prefixlen 64  scopeid 0xfd<compat,link,site,host>
        ether 3c:f0:11:21:d4:cc  (Ethernet)
        RX packets 0  bytes 0 (0.0 B)
        RX errors 0  dropped 0  overruns 0  frame 0
        TX packets 0  bytes 0 (0.0 B)
        TX errors 0  dropped 0 overruns 0  carrier 0  collisions 0

eth1: flags=64<RUNNING>  mtu 1400
        inet 169.254.98.221  netmask 255.255.0.0
        inet6 fe80::c53c:da56:a0ec:62dd  prefixlen 64  scopeid 0xfd<compat,link,site,host>
        ether 00:ff:07:11:3f:cc  (Ethernet)
        RX packets 0  bytes 0 (0.0 B)
        RX errors 0  dropped 0  overruns 0  frame 0
        TX packets 0  bytes 0 (0.0 B)
        TX errors 0  dropped 0 overruns 0  carrier 0  collisions 0

eth2: flags=4163<UP,BROADCAST,RUNNING,MULTICAST>  mtu 1500
        inet 192.168.141.1  netmask 255.255.255.0  broadcast 192.168.141.255
        inet6 fe80::8944:89a8:b7ad:ceda  prefixlen 64  scopeid 0xfd<compat,link,site,host>
        ether 00:50:56:c0:00:01  (Ethernet)
        RX packets 0  bytes 0 (0.0 B)
        RX errors 0  dropped 0  overruns 0  frame 0
        TX packets 0  bytes 0 (0.0 B)
        TX errors 0  dropped 0 overruns 0  carrier 0  collisions 0

eth3: flags=4163<UP,BROADCAST,RUNNING,MULTICAST>  mtu 1500
        inet 192.168.255.1  netmask 255.255.255.0  broadcast 192.168.255.255
        inet6 fe80::1840:ca3a:394e:14b5  prefixlen 64  scopeid 0xfd<compat,link,site,host>
        ether 00:50:56:c0:00:08  (Ethernet)
        RX packets 0  bytes 0 (0.0 B)
        RX errors 0  dropped 0  overruns 0  frame 0
        TX packets 0  bytes 0 (0.0 B)
        TX errors 0  dropped 0 overruns 0  carrier 0  collisions 0

lo: flags=73<UP,LOOPBACK,RUNNING>  mtu 1500
        inet 127.0.0.1  netmask 255.0.0.0
        inet6 ::1  prefixlen 128  scopeid 0xfe<compat,link,site,host>
        loop  (Local Loopback)
        RX packets 0  bytes 0 (0.0 B)
        RX errors 0  dropped 0  overruns 0  frame 0
        TX packets 0  bytes 0 (0.0 B)
        TX errors 0  dropped 0 overruns 0  carrier 0  collisions 0

wifi0: flags=4163<UP,BROADCAST,RUNNING,MULTICAST>  mtu 1500
        inet 192.168.2.10  netmask 255.255.255.0  broadcast 192.168.2.255
        inet6 fe80::ac0a:c3d5:3e7d:1281  prefixlen 64  scopeid 0xfd<compat,link,site,host>
        ether 3c:f0:11:21:d4:c8  (Ethernet)
        RX packets 0  bytes 0 (0.0 B)
        RX errors 0  dropped 0  overruns 0  frame 0
        TX packets 0  bytes 0 (0.0 B)
        TX errors 0  dropped 0 overruns 0  carrier 0  collisions 0

wifi1: flags=64<RUNNING>  mtu 1500
        inet 169.254.243.98  netmask 255.255.0.0
        inet6 fe80::68a9:9f6f:b1d9:f362  prefixlen 64  scopeid 0xfd<compat,link,site,host>
        ether 3c:f0:11:21:d4:c9  (Ethernet)
        RX packets 0  bytes 0 (0.0 B)
        RX errors 0  dropped 0  overruns 0  frame 0
        TX packets 0  bytes 0 (0.0 B)
        TX errors 0  dropped 0 overruns 0  carrier 0  collisions 0

wifi2: flags=64<RUNNING>  mtu 1500
        inet 169.254.82.132  netmask 255.255.0.0
        inet6 fe80::e534:e1e4:a913:5284  prefixlen 64  scopeid 0xfd<compat,link,site,host>
        ether 3e:f0:11:21:d4:c8  (Ethernet)
        RX packets 0  bytes 0 (0.0 B)
        RX errors 0  dropped 0  overruns 0  frame 0
        TX packets 0  bytes 0 (0.0 B)
        TX errors 0  dropped 0 overruns 0  carrier 0  collisions 0

--------------------------------------------------------
Kernel IP routing table
Destination     Gateway         Genmask         Flags   MSS Window  irtt Iface
192.168.141.0   0.0.0.0         255.255.255.0   U         0 0          0 eth2
192.168.141.1   0.0.0.0         255.255.255.255 U         0 0          0 eth2
192.168.141.255 0.0.0.0         255.255.255.255 U         0 0          0 eth2
224.0.0.0       0.0.0.0         240.0.0.0       U         0 0          0 eth2
255.255.255.255 0.0.0.0         255.255.255.255 U         0 0          0 eth2
192.168.255.0   0.0.0.0         255.255.255.0   U         0 0          0 eth3
192.168.255.1   0.0.0.0         255.255.255.255 U         0 0          0 eth3
192.168.255.255 0.0.0.0         255.255.255.255 U         0 0          0 eth3
224.0.0.0       0.0.0.0         240.0.0.0       U         0 0          0 eth3
255.255.255.255 0.0.0.0         255.255.255.255 U         0 0          0 eth3
127.0.0.0       0.0.0.0         255.0.0.0       U         0 0          0 lo
127.0.0.1       0.0.0.0         255.255.255.255 U         0 0          0 lo
127.255.255.255 0.0.0.0         255.255.255.255 U         0 0          0 lo
224.0.0.0       0.0.0.0         240.0.0.0       U         0 0          0 lo
255.255.255.255 0.0.0.0         255.255.255.255 U         0 0          0 lo
0.0.0.0         192.168.2.1     255.255.255.255 U         0 0          0 wifi0
192.168.2.0     0.0.0.0         255.255.255.0   U         0 0          0 wifi0
192.168.2.10    0.0.0.0         255.255.255.255 U         0 0          0 wifi0
192.168.2.255   0.0.0.0         255.255.255.255 U         0 0          0 wifi0
224.0.0.0       0.0.0.0         240.0.0.0       U         0 0          0 wifi0
255.255.255.255 0.0.0.0         255.255.255.255 U         0 0          0 wifi0
--------------------------------------------------------
USER       PID %CPU %MEM    VSZ   RSS TTY      STAT START   TIME COMMAND
root         1  0.0  0.0   8936   316 ?        Ssl  18:55   0:00 /init
root         8  0.0  0.0   8936   224 tty1     Ss   18:55   0:00 /init
liuxd        9  0.0  0.0  16924  3548 tty1     S    18:55   0:00 -bash
liuxd      672  0.0  0.0  14112   924 tty1     T    19:37   0:00 split
liuxd      875  0.0  0.0  17380  1912 tty1     R    19:40   0:00 ps auxww
